V3 17
FL /export/jack/dimo/vhdl/lcd/src/asci_types.vhd 2008/06/16.12:38:20 J.40
PH work/asci_types 1213627949 FL /export/jack/dimo/vhdl/lcd/src/asci_types.vhd \
      PB ieee/std_logic_1164 1192821031
FL /export/jack/dimo/vhdl/lcd/src/components.vhd 2008/06/16.12:39:38 J.40
PH work/components 1213627950 FL /export/jack/dimo/vhdl/lcd/src/components.vhd \
      PB ieee/std_logic_1164 1192821031 CD generic_freq_div CD lcd1
FL /export/jack/dimo/vhdl/lcd/src/generic_freq_div.vhd 2008/06/16.12:51:57 J.40
EN work/generic_freq_div 1213627951 \
      FL /export/jack/dimo/vhdl/lcd/src/generic_freq_div.vhd \
      PB ieee/std_logic_1164 1192821031 PH ieee/NUMERIC_STD 1192821033
AR work/generic_freq_div/behavioral 1213627952 \
      FL /export/jack/dimo/vhdl/lcd/src/generic_freq_div.vhd \
      EN work/generic_freq_div 1213627951
FL /export/jack/dimo/vhdl/lcd/src/lcd1.vhd 2008/06/16.16:51:04 J.40
EN work/lcd1 1213627953 FL /export/jack/dimo/vhdl/lcd/src/lcd1.vhd \
      PB ieee/std_logic_1164 1192821031 PH ieee/NUMERIC_STD 1192821033 \
      PH work/asci_types 1213627949
AR work/lcd1/behavioral 1213627954 \
      FL /export/jack/dimo/vhdl/lcd/src/lcd1.vhd EN work/lcd1 1213627953
FL /export/jack/dimo/vhdl/lcd/src/topEntity.vhd 2008/06/16.12:53:58 J.40
EN work/topEntity 1213627955 FL /export/jack/dimo/vhdl/lcd/src/topEntity.vhd \
      PB ieee/std_logic_1164 1192821031 PH work/components 1213627950
AR work/topEntity/structural 1213627956 \
      FL /export/jack/dimo/vhdl/lcd/src/topEntity.vhd EN work/topEntity 1213627955 \
      CP generic_freq_div CP lcd1
